2026-07-01 13:49:47 | INFO     | etl_runner — =================================================================
2026-07-01 13:49:47 | INFO     | etl_runner —   INÍCIO DO ETL — Dashboard Logístico IAB & Verbum
2026-07-01 13:49:47 | INFO     | etl_runner —   Arquivo fonte: C:\Users\a2p2t\OneDrive - Instituto Alfa e Beto\Logística-IAB\10 - DASHIBOARDs\Quadro de Envios.xlsx
2026-07-01 13:49:47 | INFO     | etl_runner — =================================================================
2026-07-01 13:49:47 | INFO     | etl_runner — [ ETAPA 1 ] Leitura do arquivo...
2026-07-01 13:49:47 | INFO     | modules.reader — Lendo arquivo: C:\Users\a2p2t\OneDrive - Instituto Alfa e Beto\Logística-IAB\10 - DASHIBOARDs\Quadro de Envios.xlsx
2026-07-01 13:49:48 | INFO     | modules.reader — Linhas lidas (raw): 4338
2026-07-01 13:49:48 | INFO     | modules.reader — Linhas após remoção de vazias: 4338
2026-07-01 13:49:48 | INFO     | etl_runner — [ ETAPA 2 ] Limpeza e normalização...
2026-07-01 13:49:48 | INFO     | modules.cleaner — Filtro Cons Analise: 662 linhas removidas | Restam: 3676
2026-07-01 13:49:48 | INFO     | modules.cleaner — Filtro Empresa (Serena/Koala): 1 linhas removidas | Restam: 3675
2026-07-01 13:49:48 | INFO     | modules.cleaner — Normalização concluída. Shape final: (3675, 54)
2026-07-01 13:49:48 | INFO     | etl_runner — [ ETAPA 3 ] Cálculo de KPIs...
2026-07-01 13:49:48 | INFO     | modules.calculator — Status prazo calculado — NO PRAZO: 3631 | ATRASO: 44
2026-07-01 13:49:48 | INFO     | modules.calculator — Entregas únicas identificadas: 3354
2026-07-01 13:49:48 | INFO     | modules.calculator — Cálculo de KPIs concluído.
2026-07-01 13:49:48 | INFO     | etl_runner — [ ETAPA 4 ] Comparação com snapshot anterior...
2026-07-01 13:49:48 | INFO     | modules.snapshot — Nenhum snapshot anterior encontrado — primeira execução.
2026-07-01 13:49:48 | INFO     | modules.snapshot — Log de mudanças atualizado: 3607 registros → C:\Users\a2p2t\OneDrive - Instituto Alfa e Beto\Logística-IAB\10 - DASHIBOARDs\dashboard_logistico\etl\data\logs\change_log.csv
2026-07-01 13:49:48 | INFO     | modules.snapshot — Snapshot salvo: C:\Users\a2p2t\OneDrive - Instituto Alfa e Beto\Logística-IAB\10 - DASHIBOARDs\dashboard_logistico\etl\data\snapshots\snapshot_20260701_134948.parquet
2026-07-01 13:49:48 | INFO     | modules.snapshot — Comparação concluída — Inseridos: 3607 | Alterados: 0 | Removidos: 0 | Sem mudança: 0
2026-07-01 13:49:48 | INFO     | etl_runner — [ ETAPA 5 ] Exportando dados processados...
2026-07-01 13:49:48 | INFO     | modules.exporter — Parquet salvo: C:\Users\a2p2t\OneDrive - Instituto Alfa e Beto\Logística-IAB\10 - DASHIBOARDs\dashboard_logistico\etl\data\processed\lancamentos.parquet (570.7 KB)
2026-07-01 13:49:49 | INFO     | modules.exporter — JSON salvo: C:\Users\a2p2t\OneDrive - Instituto Alfa e Beto\Logística-IAB\10 - DASHIBOARDs\dashboard_logistico\etl\data\processed\lancamentos.json (6129.2 KB)
2026-07-01 13:49:49 | INFO     | modules.exporter — Métricas agregadas salvas: C:\Users\a2p2t\OneDrive - Instituto Alfa e Beto\Logística-IAB\10 - DASHIBOARDs\dashboard_logistico\etl\data\processed\metricas.json (16.6 KB)
2026-07-01 13:49:49 | INFO     | etl_runner — =================================================================
2026-07-01 13:49:49 | INFO     | etl_runner —   ETL CONCLUÍDO COM SUCESSO
2026-07-01 13:49:49 | INFO     | etl_runner —   Duração total:      2.0s
2026-07-01 13:49:49 | INFO     | etl_runner —   Linhas processadas: 3675
2026-07-01 13:49:49 | INFO     | etl_runner —   Inserções:          3607
2026-07-01 13:49:49 | INFO     | etl_runner —   Atualizações:       0
2026-07-01 13:49:49 | INFO     | etl_runner —   Remoções:           0
2026-07-01 13:49:49 | INFO     | etl_runner —   Sem mudança:        0
2026-07-01 13:49:49 | INFO     | etl_runner —   Log de mudanças:    C:\Users\a2p2t\OneDrive - Instituto Alfa e Beto\Logística-IAB\10 - DASHIBOARDs\dashboard_logistico\etl\data\logs\change_log.csv
2026-07-01 13:49:49 | INFO     | etl_runner —   Log de execução:    C:\Users\a2p2t\OneDrive - Instituto Alfa e Beto\Logística-IAB\10 - DASHIBOARDs\dashboard_logistico\etl\data\logs\etl_20260701_134947.log
2026-07-01 13:49:49 | INFO     | etl_runner — =================================================================
