2026-07-03 10:12:14 | INFO     | etl_runner — =================================================================
2026-07-03 10:12:14 | INFO     | etl_runner —   INÍCIO DO ETL — Dashboard Logístico IAB & Verbum
2026-07-03 10:12:14 | INFO     | etl_runner —   Arquivo fonte: C:\Users\a2p2t\OneDrive - Instituto Alfa e Beto\Logística-IAB\10 - DASHIBOARDs\Quadro de Envios.xlsx
2026-07-03 10:12:14 | INFO     | etl_runner — =================================================================
2026-07-03 10:12:14 | INFO     | etl_runner — [ ETAPA 1 ] Leitura do arquivo...
2026-07-03 10:12:14 | INFO     | modules.reader — Lendo arquivo: C:\Users\a2p2t\OneDrive - Instituto Alfa e Beto\Logística-IAB\10 - DASHIBOARDs\Quadro de Envios.xlsx
2026-07-03 10:12:15 | INFO     | modules.reader — Linhas lidas (raw): 4368
2026-07-03 10:12:15 | INFO     | modules.reader — Linhas após remoção de vazias: 4368
2026-07-03 10:12:15 | INFO     | etl_runner — [ ETAPA 2 ] Limpeza e normalização...
2026-07-03 10:12:15 | INFO     | modules.cleaner — Filtro Cons Analise: 679 linhas removidas | Restam: 3689
2026-07-03 10:12:15 | INFO     | modules.cleaner — Filtro Empresa (Serena/Koala): 0 linhas removidas | Restam: 3689
2026-07-03 10:12:16 | INFO     | modules.cleaner — Normalização concluída. Shape final: (3689, 56)
2026-07-03 10:12:16 | INFO     | etl_runner — [ ETAPA 3 ] Cálculo de KPIs...
2026-07-03 10:12:16 | INFO     | modules.calculator — Status prazo calculado — NO PRAZO: 3642 | ATRASO: 47
2026-07-03 10:12:16 | INFO     | modules.calculator — Entregas únicas identificadas: 3365
2026-07-03 10:12:16 | INFO     | modules.calculator — Cálculo de KPIs concluído.
2026-07-03 10:12:16 | INFO     | etl_runner — [ ETAPA 4 ] Comparação com snapshot anterior...
2026-07-03 10:12:17 | INFO     | modules.snapshot — Snapshot anterior carregado: 3743 linhas
2026-07-03 10:12:20 | INFO     | modules.snapshot — Log de mudanças atualizado: 20062 registros → C:\Users\a2p2t\OneDrive - Instituto Alfa e Beto\Logística-IAB\10 - DASHIBOARDs\dashboard_logistico\etl\data\logs\change_log.csv
2026-07-03 10:12:20 | ERROR    | etl_runner — ERRO CRÍTICO: Duplicate column names found: ['Data Coleta', 'cnpj_cpf_raw', 'cliente', 'municipio', 'uf', 'regiao', 'tipo_cliente', 'Nº Pedido', 'cons_analise', 'empresa', 'NF', 'natureza_operacao', 'Cfop', 'Vr NF', 'Frete', 'Peso (kg)', 'Base Cálculo ICM', 'ICMS', 'Difal', 'FCP', 'Total Impostos', 'Volumes', 'Custo Embalagem', 'transportadora_raw', 'modalidade', 'Prev. Envio', 'Prev. Entrega Cliente', 'Prev. Entrega Transporadora', 'entrega_concluida', 'Data Efetiva da Entrega', 'origem_venda', 'cod_rastreio', 'obs', 'ano_ref', 'origem_escola', 'cnpj_cpf_norm', 'transportadora_norm', 'cliente', 'data_coleta', 'prev_envio', 'prev_entrega_cliente', 'prev_entrega_transportadora', 'data_efetiva_entrega', 'vr_nf', 'frete', 'base_calc_icm', 'icms', 'difal', 'fcp', 'total_impostos', 'custo_embalagem', 'peso_kg', 'volumes', 'nr_pedido', 'nf', 'cfop', 'status_prazo', 'entrega_no_prazo', 'entrega_em_atraso', 'id_entrega', 'is_primeira_linha_entrega', 'total_impostos_calc', 'custo_total_envio', 'ano', 'mes']
Traceback (most recent call last):
  File "C:\Users\a2p2t\OneDrive - Instituto Alfa e Beto\Logística-IAB\10 - DASHIBOARDs\dashboard_logistico\etl\etl_runner.py", line 98, in executar
    resumo_mudancas = comparar_e_registrar(df_final)
  File "C:\Users\a2p2t\OneDrive - Instituto Alfa e Beto\Logística-IAB\10 - DASHIBOARDs\dashboard_logistico\etl\modules\snapshot.py", line 193, in comparar_e_registrar
    df_novo.to_parquet(SNAPSHOT_LATEST, index=False)
    ~~~~~~~~~~~~~~~~~~^^^^^^^^^^^^^^^^^^^^^^^^^^^^^^
  File "C:\Users\a2p2t\AppData\Local\Python\pythoncore-3.14-64\Lib\site-packages\pandas\core\frame.py", line 3135, in to_parquet
    return to_parquet(
        self,
    ...<7 lines>...
        **kwargs,
    )
  File "C:\Users\a2p2t\AppData\Local\Python\pythoncore-3.14-64\Lib\site-packages\pandas\io\parquet.py", line 490, in to_parquet
    impl.write(
    ~~~~~~~~~~^
        df,
        ^^^
    ...<6 lines>...
        **kwargs,
        ^^^^^^^^^
    )
    ^
  File "C:\Users\a2p2t\AppData\Local\Python\pythoncore-3.14-64\Lib\site-packages\pandas\io\parquet.py", line 191, in write
    table = self.api.Table.from_pandas(df, **from_pandas_kwargs)
  File "pyarrow/table.pxi", line 4768, in pyarrow.lib.Table.from_pandas
  File "C:\Users\a2p2t\AppData\Local\Python\pythoncore-3.14-64\Lib\site-packages\pyarrow\pandas_compat.py", line 608, in dataframe_to_arrays
    convert_fields) = _get_columns_to_convert(df, schema, preserve_index,
                      ~~~~~~~~~~~~~~~~~~~~~~~^^^^^^^^^^^^^^^^^^^^^^^^^^^^
                                              columns)
                                              ^^^^^^^^
  File "C:\Users\a2p2t\AppData\Local\Python\pythoncore-3.14-64\Lib\site-packages\pyarrow\pandas_compat.py", line 388, in _get_columns_to_convert
    raise ValueError(
        f'Duplicate column names found: {list(df.columns)}'
    )
ValueError: Duplicate column names found: ['Data Coleta', 'cnpj_cpf_raw', 'cliente', 'municipio', 'uf', 'regiao', 'tipo_cliente', 'Nº Pedido', 'cons_analise', 'empresa', 'NF', 'natureza_operacao', 'Cfop', 'Vr NF', 'Frete', 'Peso (kg)', 'Base Cálculo ICM', 'ICMS', 'Difal', 'FCP', 'Total Impostos', 'Volumes', 'Custo Embalagem', 'transportadora_raw', 'modalidade', 'Prev. Envio', 'Prev. Entrega Cliente', 'Prev. Entrega Transporadora', 'entrega_concluida', 'Data Efetiva da Entrega', 'origem_venda', 'cod_rastreio', 'obs', 'ano_ref', 'origem_escola', 'cnpj_cpf_norm', 'transportadora_norm', 'cliente', 'data_coleta', 'prev_envio', 'prev_entrega_cliente', 'prev_entrega_transportadora', 'data_efetiva_entrega', 'vr_nf', 'frete', 'base_calc_icm', 'icms', 'difal', 'fcp', 'total_impostos', 'custo_embalagem', 'peso_kg', 'volumes', 'nr_pedido', 'nf', 'cfop', 'status_prazo', 'entrega_no_prazo', 'entrega_em_atraso', 'id_entrega', 'is_primeira_linha_entrega', 'total_impostos_calc', 'custo_total_envio', 'ano', 'mes']
2026-07-03 10:12:20 | ERROR    | etl_runner — ETL INTERROMPIDO — verifique o erro acima.
