2026-07-03 10:32:32 | INFO     | etl_runner — =================================================================
2026-07-03 10:32:32 | INFO     | etl_runner —   INÍCIO DO ETL — Dashboard Logístico IAB & Verbum
2026-07-03 10:32:32 | INFO     | etl_runner —   Arquivo fonte: C:\Users\AugustoCesar\OneDrive - Instituto Alfa e Beto\Arquivos de Anderson Pissaia - Logística-IAB\10 - DASHIBOARDs\Quadro de Envios.xlsx
2026-07-03 10:32:32 | INFO     | etl_runner — =================================================================
2026-07-03 10:32:32 | INFO     | etl_runner — [ ETAPA 1 ] Leitura do arquivo...
2026-07-03 10:32:32 | INFO     | modules.reader — Lendo arquivo: C:\Users\AugustoCesar\OneDrive - Instituto Alfa e Beto\Arquivos de Anderson Pissaia - Logística-IAB\10 - DASHIBOARDs\Quadro de Envios.xlsx
2026-07-03 10:32:33 | INFO     | modules.reader — Linhas lidas (raw): 4368
2026-07-03 10:32:33 | INFO     | modules.reader — Linhas após remoção de vazias: 4368
2026-07-03 10:32:33 | INFO     | etl_runner — [ ETAPA 2 ] Limpeza e normalização...
2026-07-03 10:32:33 | INFO     | modules.cleaner — Filtro Cons Analise: 680 linhas removidas | Restam: 3688
2026-07-03 10:32:33 | INFO     | modules.cleaner — Filtro Empresa (Serena/Koala): 0 linhas removidas | Restam: 3688
2026-07-03 10:32:34 | INFO     | modules.cleaner — Normalização concluída. Shape final: (3688, 55)
2026-07-03 10:32:34 | INFO     | etl_runner — [ ETAPA 3 ] Cálculo de KPIs...
2026-07-03 10:32:34 | INFO     | modules.calculator — Status prazo calculado — NO PRAZO: 3641 | ATRASO: 47
2026-07-03 10:32:34 | INFO     | modules.calculator — Entregas únicas identificadas: 3364
2026-07-03 10:32:34 | INFO     | modules.calculator — Cálculo de KPIs concluído.
2026-07-03 10:32:34 | INFO     | etl_runner — [ ETAPA 4 ] Comparação com snapshot anterior...
2026-07-03 10:32:34 | ERROR    | etl_runner — ERRO CRÍTICO: Unable to find a usable engine; tried using: 'pyarrow', 'fastparquet'.
A suitable version of pyarrow or fastparquet is required for parquet support.
Trying to import the above resulted in these errors:
 - `Import pyarrow` failed. pyarrow is required for parquet support. Use pip or conda to install the pyarrow package.
 - `Import fastparquet` failed. fastparquet is required for parquet support. Use pip or conda to install the fastparquet package.
Traceback (most recent call last):
  File "C:\Users\AugustoCesar\OneDrive - Instituto Alfa e Beto\Arquivos de Anderson Pissaia - Logística-IAB\10 - DASHIBOARDs\dashboard_logistico\etl\etl_runner.py", line 98, in executar
    resumo_mudancas = comparar_e_registrar(df_final)
  File "C:\Users\AugustoCesar\OneDrive - Instituto Alfa e Beto\Arquivos de Anderson Pissaia - Logística-IAB\10 - DASHIBOARDs\dashboard_logistico\etl\modules\snapshot.py", line 111, in comparar_e_registrar
    df_anterior = pd.read_parquet(SNAPSHOT_LATEST)
  File "C:\Users\AugustoCesar\AppData\Local\Python\pythoncore-3.14-64\Lib\site-packages\pandas\io\parquet.py", line 668, in read_parquet
    impl = get_engine(engine)
  File "C:\Users\AugustoCesar\AppData\Local\Python\pythoncore-3.14-64\Lib\site-packages\pandas\io\parquet.py", line 68, in get_engine
    raise ImportError(
    ...<7 lines>...
    )
ImportError: Unable to find a usable engine; tried using: 'pyarrow', 'fastparquet'.
A suitable version of pyarrow or fastparquet is required for parquet support.
Trying to import the above resulted in these errors:
 - `Import pyarrow` failed. pyarrow is required for parquet support. Use pip or conda to install the pyarrow package.
 - `Import fastparquet` failed. fastparquet is required for parquet support. Use pip or conda to install the fastparquet package.
2026-07-03 10:32:34 | ERROR    | etl_runner — ETL INTERROMPIDO — verifique o erro acima.
